 Image kashpirev-practice07-orders Building 
 Image kashpirev-practice07-deliveries Building 
#1 [internal] load local bake definitions
#1 reading from stdin 1.54kB 0.1s done
#1 DONE 0.1s

#2 [deliveries internal] load build definition from Dockerfile
#2 transferring dockerfile: 209B done
#2 DONE 0.0s

#3 [orders internal] load build definition from Dockerfile
#3 transferring dockerfile: 209B done
#3 DONE 0.1s

#4 [orders internal] load metadata for docker.io/library/eclipse-temurin:21-jdk-alpine
#4 DONE 0.4s

#5 [deliveries internal] load .dockerignore
#5 transferring context: 66B done
#5 DONE 0.0s

#6 [orders internal] load .dockerignore
#6 transferring context: 66B 0.0s done
#6 DONE 0.1s

#7 [orders internal] load build context
#7 transferring context: 64B 0.0s done
#7 DONE 0.0s

#8 [deliveries 1/4] FROM docker.io/library/eclipse-temurin:21-jdk-alpine@sha256:0bfc69a4758a86710e5c474032d28400a8bd00874766f9e8b1642ac2fd293159
#8 resolve docker.io/library/eclipse-temurin:21-jdk-alpine@sha256:0bfc69a4758a86710e5c474032d28400a8bd00874766f9e8b1642ac2fd293159 0.1s done
#8 DONE 0.1s

#9 [orders 2/4] RUN apk add --no-cache curl
#9 CACHED

#10 [orders 3/4] WORKDIR /app
#10 CACHED

#11 [orders 4/4] COPY target/app.jar app.jar
#11 CACHED

#12 [orders] exporting to image
#12 exporting layers 0.0s done
#12 exporting manifest sha256:e3c4e810bf220df0372697987e8a2d0c81f835cc6eac9a0fe054993c978e6d47 0.1s done
#12 exporting config sha256:e633ffbfeaaea8e92d998d455395a50ed320e29a5c24f2b7502c6450a3acdc03
#12 exporting config sha256:e633ffbfeaaea8e92d998d455395a50ed320e29a5c24f2b7502c6450a3acdc03 0.0s done
#12 exporting attestation manifest sha256:80146008f6b2968a65264cc35e3df06db41f0dde21fd2000cbcd259d513294c1
#12 exporting attestation manifest sha256:80146008f6b2968a65264cc35e3df06db41f0dde21fd2000cbcd259d513294c1 0.1s done
#12 exporting manifest list sha256:648e1bab07cbcc533197de0147d7cc5340ddadc511a9b9c9c1fbdf17215f0519
#12 exporting manifest list sha256:648e1bab07cbcc533197de0147d7cc5340ddadc511a9b9c9c1fbdf17215f0519 0.0s done
#12 naming to docker.io/library/kashpirev-practice07-orders:latest done
#12 unpacking to docker.io/library/kashpirev-practice07-orders:latest 0.0s done
#12 DONE 0.5s

#13 [deliveries internal] load build context
#13 ...

#14 [orders] resolving provenance for metadata file
#14 DONE 0.0s

#13 [deliveries internal] load build context
#13 transferring context: 26.43MB 1.6s done
#13 DONE 1.7s

#9 [deliveries 2/4] RUN apk add --no-cache curl
#9 CACHED

#10 [deliveries 3/4] WORKDIR /app
#10 CACHED

#15 [deliveries 4/4] COPY target/app.jar app.jar
#15 DONE 0.4s

#16 [deliveries] exporting to image
#16 exporting layers 1.7s done
#16 exporting manifest sha256:e0fc140d89c8ede8dc7426ff713825c06da32f709768b04f5b92bfe5bce0f92e 0.0s done
#16 exporting config sha256:54547d78318d9be163d852433ee0a90feac49ef01ccc4d301bde8e49ee0fe9fb 0.1s done
#16 exporting attestation manifest sha256:77ce9d5ecddc542ed3865bbf8f4c90cbb07f7a936a5db5f10b8c00d5b18e2c67
#16 exporting attestation manifest sha256:77ce9d5ecddc542ed3865bbf8f4c90cbb07f7a936a5db5f10b8c00d5b18e2c67 0.1s done
#16 exporting manifest list sha256:4d685911d50eebe9b15eaf016698ba0b312031da1f30d5db3fe45d231911154e 0.0s done
#16 naming to docker.io/library/kashpirev-practice07-deliveries:latest
#16 naming to docker.io/library/kashpirev-practice07-deliveries:latest done
#16 unpacking to docker.io/library/kashpirev-practice07-deliveries:latest
#16 unpacking to docker.io/library/kashpirev-practice07-deliveries:latest 0.2s done
#16 DONE 2.3s

#17 [deliveries] resolving provenance for metadata file
#17 DONE 0.0s
 Image kashpirev-practice07-orders Built 
 Image kashpirev-practice07-deliveries Built 
 Network kashpirev-practice07_default Creating 
 Network kashpirev-practice07_default Created 
 Container kashpirev-practice07-orders-1 Creating 
 Container kashpirev-practice07-orders-1 Created 
 Container kashpirev-practice07-deliveries-1 Creating 
 Container kashpirev-practice07-deliveries-1 Created 
 Container kashpirev-practice07-orders-1 Starting 
 Container kashpirev-practice07-orders-1 Started 
 Container kashpirev-practice07-orders-1 Waiting 
 Container kashpirev-practice07-orders-1 Healthy 
 Container kashpirev-practice07-deliveries-1 Starting 
 Container kashpirev-practice07-deliveries-1 Started 
 Container kashpirev-practice07-deliveries-1 Waiting 
 Container kashpirev-practice07-orders-1 Waiting 
 Container kashpirev-practice07-orders-1 Healthy 
 Container kashpirev-practice07-deliveries-1 Healthy 
